src/components/calculator/CalculatorForm.tsx(4,29): error TS2307: Cannot find module '@hookform/resolvers/zod' or its corresponding type declarations.
src/components/providers.tsx(4,41): error TS2307: Cannot find module 'next-themes/dist/types' or its corresponding type declarations.
src/components/ui/Button.tsx(47,17): error TS2322: Type 'ReactNode | MotionValueNumber | MotionValueString' is not assignable to type 'ReactNode'.
  Type 'MotionValueNumber' is not assignable to type 'ReactNode'.
